2026-09-24 03:54:30 [INFO] ============================================================
2026-09-24 03:54:30 [INFO] Запуск клиента: 2026-09-24T03:54:30
2026-09-24 03:54:30 [INFO] ============================================================
2026-09-24 03:54:30 [INFO] КОРРЕКТНЫЕ ЗАПРОСЫ
2026-09-24 03:54:30 [INFO] >>> GET /users
2026-09-24 03:54:30 [INFO] <<< 200 OK
2026-09-24 03:54:30 [INFO]     {"user1": {"name": "Алексей", "game": "Dota 2", "level": 42, "score": 15320, "playtime_hours": 210}, "user2": {"name": "Мария", "game": "Valorant", "level": 30, "score": 9870, "playtime_hours": 95}, "user3": {"name": "Игорь", "game": "CS2", "level": 55, "score": 21000, "playtime_hours": 340}}
2026-09-24 03:54:30 [INFO] ------------------------------------------------------------
2026-09-24 03:54:30 [INFO] >>> GET /users/user2
2026-09-24 03:54:30 [INFO] <<< 200 OK
2026-09-24 03:54:30 [INFO]     {"name": "Мария", "game": "Valorant", "level": 30, "score": 9870, "playtime_hours": 95}
2026-09-24 03:54:30 [INFO] ------------------------------------------------------------
2026-09-24 03:54:30 [INFO] >>> POST /users/user1/score
2026-09-24 03:54:30 [DEBUG]     body: {"score": 500}
2026-09-24 03:54:30 [INFO] <<< 200 OK
2026-09-24 03:54:30 [INFO]     {"name": "Алексей", "game": "Dota 2", "level": 42, "score": 15820, "playtime_hours": 210}
2026-09-24 03:54:30 [INFO] ------------------------------------------------------------
2026-09-24 03:54:30 [INFO] НЕКОРРЕКТНЫЕ ЗАПРОСЫ
2026-09-24 03:54:30 [INFO] >>> GET /users/user99
2026-09-24 03:54:30 [INFO] <<< 404 Not Found
2026-09-24 03:54:30 [INFO]     {"error": "Пользователь не найден"}
2026-09-24 03:54:30 [INFO] ------------------------------------------------------------
2026-09-24 03:54:30 [INFO] >>> GET /foo
2026-09-24 03:54:30 [INFO] <<< 404 Not Found
2026-09-24 03:54:30 [INFO]     {"error": "Маршрут не найден"}
2026-09-24 03:54:30 [INFO] ------------------------------------------------------------
2026-09-24 03:54:30 [INFO] >>> POST /users/user1/score
2026-09-24 03:54:30 [INFO] <<< 400 Bad Request
2026-09-24 03:54:30 [INFO]     {"error": "Пустое тело запроса"}
2026-09-24 03:54:30 [INFO] ------------------------------------------------------------
2026-09-24 03:54:30 [INFO] >>> POST /users/user1/score
2026-09-24 03:54:30 [DEBUG]     body: {score: 100
2026-09-24 03:54:30 [INFO] <<< 400 Bad Request
2026-09-24 03:54:30 [INFO]     {"error": "Невалидный JSON"}
2026-09-24 03:54:30 [INFO] ------------------------------------------------------------
2026-09-24 03:54:30 [INFO] >>> POST /users/user1/score
2026-09-24 03:54:30 [DEBUG]     body: {"score": "abc"}
2026-09-24 03:54:30 [INFO] <<< 400 Bad Request
2026-09-24 03:54:30 [INFO]     {"error": "Поле score должно быть числом"}
2026-09-24 03:54:30 [INFO] ------------------------------------------------------------
2026-09-24 03:54:30 [INFO] >>> DELETE /users
2026-09-24 03:54:30 [INFO] <<< 405 Method Not Allowed
2026-09-24 03:54:30 [INFO]     {"error": "Метод не поддерживается"}
2026-09-24 03:54:30 [INFO] ------------------------------------------------------------
2026-09-24 03:54:30 [INFO] >>> POST /users/user1/score (обрыв: заявлено 50 байт, отправлено 11)
2026-09-24 03:54:30 [INFO] <<< соединение закрыто клиентом, ответ не ожидается
2026-09-24 03:54:30 [INFO] ------------------------------------------------------------
2026-09-24 03:54:31 [INFO] ПРОВЕРКА: СЕРВЕР ЖИВ?
2026-09-24 03:54:31 [INFO] >>> GET /users/user1
2026-09-24 03:54:31 [INFO] <<< 200 OK
2026-09-24 03:54:31 [INFO]     {"name": "Алексей", "game": "Dota 2", "level": 42, "score": 15820, "playtime_hours": 210}
2026-09-24 03:54:31 [INFO] ------------------------------------------------------------
2026-09-24 03:54:31 [INFO] Сервер продолжает работать после всех плохих запросов
2026-09-24 03:54:31 [INFO] Клиент завершил работу
