2026-10-08 12:53:02 [INFO] ============================================================
2026-10-08 12:53:02 [INFO] Запуск клиента: 2026-10-08T12:53:02
2026-10-08 12:53:02 [INFO] ============================================================
2026-10-08 12:53:02 [INFO] КОРРЕКТНЫЕ ЗАПРОСЫ
2026-10-08 12:53:02 [INFO] >>> GET /users
2026-10-08 12:53:02 [INFO] <<< 200 OK
2026-10-08 12:53:02 [INFO]     {"user1": {"name": "Алексей", "game": "Dota 2", "level": 42, "score": 15320, "playtime_hours": 210}, "user2": {"name": "Мария", "game": "Valorant", "level": 30, "score": 9870, "playtime_hours": 95}, "user3": {"name": "Игорь", "game": "CS2", "level": 55, "score": 21000, "playtime_hours": 340}}
2026-10-08 12:53:02 [INFO]     получено пользователей: 3
2026-10-08 12:53:02 [INFO] ------------------------------------------------------------
2026-10-08 12:53:02 [INFO] >>> GET /users/user2
2026-10-08 12:53:02 [INFO] <<< 200 OK
2026-10-08 12:53:02 [INFO]     {"name":"Мария","game":"Valorant","level":30,"score":9870,"playtime_hours":95}
2026-10-08 12:53:02 [INFO]     Мария: игра Valorant, уровень 30, счёт 9870
2026-10-08 12:53:02 [INFO] ------------------------------------------------------------
2026-10-08 12:53:02 [INFO] >>> POST /users/user1/score
2026-10-08 12:53:02 [DEBUG]     body: {"score":500}
2026-10-08 12:53:02 [INFO] <<< 200 OK
2026-10-08 12:53:02 [INFO]     {"name":"Алексей","game":"Dota 2","level":42,"score":15820,"playtime_hours":210}
2026-10-08 12:53:02 [INFO]     Алексей: игра Dota 2, уровень 42, счёт 15820
2026-10-08 12:53:02 [INFO] ------------------------------------------------------------
2026-10-08 12:53:02 [INFO] НЕКОРРЕКТНЫЕ ЗАПРОСЫ
2026-10-08 12:53:02 [INFO] >>> GET /users/user99
2026-10-08 12:53:02 [INFO] <<< 404 Not Found
2026-10-08 12:53:02 [INFO]     {"error":"Пользователь не найден"}
2026-10-08 12:53:02 [INFO]     ошибка от сервера: Пользователь не найден
2026-10-08 12:53:02 [INFO] ------------------------------------------------------------
2026-10-08 12:53:02 [INFO] >>> GET /foo
2026-10-08 12:53:02 [INFO] <<< 404 Not Found
2026-10-08 12:53:02 [INFO]     {"error":"Маршрут не найден"}
2026-10-08 12:53:02 [INFO]     ошибка от сервера: Маршрут не найден
2026-10-08 12:53:02 [INFO] ------------------------------------------------------------
2026-10-08 12:53:02 [INFO] >>> POST /users/user1/score
2026-10-08 12:53:02 [INFO] <<< 400 Bad Request
2026-10-08 12:53:02 [INFO]     {"error":"Пустое тело запроса"}
2026-10-08 12:53:02 [INFO]     ошибка от сервера: Пустое тело запроса
2026-10-08 12:53:02 [INFO] ------------------------------------------------------------
2026-10-08 12:53:02 [INFO] >>> POST /users/user1/score
2026-10-08 12:53:02 [DEBUG]     body: {score: 100
2026-10-08 12:53:02 [INFO] <<< 400 Bad Request
2026-10-08 12:53:02 [INFO]     {"error":"Невалидный JSON"}
2026-10-08 12:53:02 [INFO]     ошибка от сервера: Невалидный JSON
2026-10-08 12:53:02 [INFO] ------------------------------------------------------------
2026-10-08 12:53:02 [INFO] >>> POST /users/user1/score
2026-10-08 12:53:02 [DEBUG]     body: {"score": "abc"}
2026-10-08 12:53:02 [INFO] <<< 400 Bad Request
2026-10-08 12:53:02 [INFO]     {"error":"Поле score должно быть числом"}
2026-10-08 12:53:02 [INFO]     ошибка от сервера: Поле score должно быть числом
2026-10-08 12:53:02 [INFO] ------------------------------------------------------------
2026-10-08 12:53:02 [INFO] >>> POST /users/user1/score
2026-10-08 12:53:02 [DEBUG]     body: {"score": "100"}
2026-10-08 12:53:02 [INFO] <<< 400 Bad Request
2026-10-08 12:53:02 [INFO]     {"error":"Поле score должно быть числом"}
2026-10-08 12:53:02 [INFO]     ошибка от сервера: Поле score должно быть числом
2026-10-08 12:53:02 [INFO] ------------------------------------------------------------
2026-10-08 12:53:02 [INFO] >>> POST /users/user1/score
2026-10-08 12:53:02 [DEBUG]     body: {"points": 100}
2026-10-08 12:53:02 [INFO] <<< 400 Bad Request
2026-10-08 12:53:02 [INFO]     {"error":"В теле должно быть поле score"}
2026-10-08 12:53:02 [INFO]     ошибка от сервера: В теле должно быть поле score
2026-10-08 12:53:02 [INFO] ------------------------------------------------------------
2026-10-08 12:53:02 [INFO] >>> POST /users/user1/score
2026-10-08 12:53:02 [DEBUG]     body: {"score": -99999999}
2026-10-08 12:53:02 [INFO] <<< 400 Bad Request
2026-10-08 12:53:02 [INFO]     {"error":"Счёт пользователя не может стать отрицательным"}
2026-10-08 12:53:02 [INFO]     ошибка от сервера: Счёт пользователя не может стать отрицательным
2026-10-08 12:53:02 [INFO] ------------------------------------------------------------
2026-10-08 12:53:02 [INFO] >>> DELETE /users
2026-10-08 12:53:02 [INFO] <<< 405 Method Not Allowed
2026-10-08 12:53:02 [INFO]     {"error":"Метод не поддерживается"}
2026-10-08 12:53:02 [INFO]     ошибка от сервера: Метод не поддерживается
2026-10-08 12:53:02 [INFO] ------------------------------------------------------------
2026-10-08 12:53:02 [INFO] >>> POST /users/user1/score (обрыв: заявлено 50 байт, отправлено 11)
2026-10-08 12:53:02 [INFO] <<< соединение закрыто клиентом, ответ не ожидается
2026-10-08 12:53:02 [INFO] ------------------------------------------------------------
2026-10-08 12:53:03 [INFO] ПРОВЕРКА: СЕРВЕР ЖИВ?
2026-10-08 12:53:03 [INFO] >>> GET /users/user1
2026-10-08 12:53:03 [INFO] <<< 200 OK
2026-10-08 12:53:03 [INFO]     {"name":"Алексей","game":"Dota 2","level":42,"score":15820,"playtime_hours":210}
2026-10-08 12:53:03 [INFO]     Алексей: игра Dota 2, уровень 42, счёт 15820
2026-10-08 12:53:03 [INFO] ------------------------------------------------------------
2026-10-08 12:53:03 [INFO] Сервер продолжает работать после всех плохих запросов
2026-10-08 12:53:03 [INFO] Клиент завершил работу
